error: No case attribute supplied to generate the tests.
 --> $DIR/missing_case_theory_attr.rs:8:1
  |
8 | #[runtime::test(async_std, theory)]
  | ^^^^^^^^^^^^^^^^^^^^^^^^^^^^^^^^^^^
  |
help: Add #[case(usize, usize)] above:
 --> $DIR/missing_case_theory_attr.rs:9:1
  |
9 | async fn runtime_attribute_test_should_add_the_test_attribute(a: usize, b: usize) {}
  | ^^^^^^^^^^^^^^^^^^^^^^^^^^^^^^^^^^^^^^^^^^^^^^^^^^^^^^^^^^^^^^^^^^^^^^^^^^^^^^^^^
