error: Only async functions are supported
 --> $DIR/non_async_test.rs:8:1
  |
8 | fn runtime_attribute_test_should_add_the_test_attribute() {}
  | ^^
